// Jest Snapshot v1, https://goo.gl/fbAQLP

exports[`<NotFound /> should render the expected JSX 1`] = `
<Fragment>
  <HelmetWrapper
    defer={true}
    encodeSpecialCharacters={true}
  >
    <InjectIntl(FormattedTitle)
      defaultMessage="Page Not Found"
      id="cbuildci.containers.NotFoundPage.title"
    />
  </HelmetWrapper>
  <PageHeader>
    <FormattedMessage
      defaultMessage="Page Not Found"
      id="cbuildci.containers.NotFoundPage.header"
      values={Object {}}
    />
  </PageHeader>
  <p>
    <FormattedMessage
      defaultMessage="The requested page does not exist."
      id="cbuildci.containers.NotFoundPage.bodyMessage"
      values={Object {}}
    />
  </p>
</Fragment>
`;

exports[`<NotFound /> should render the expected JSX 2`] = `
Array [
  <h1
    class="PageHeader__H1-cGQWxJ bjGECH"
  >
    <span>
      Page Not Found
    </span>
  </h1>,
  <p>
    <span>
      The requested page does not exist.
    </span>
  </p>,
]
`;
